// Jest Snapshot v1, https://goo.gl/fbAQLP

exports[`should render 1`] = `
<DocumentFragment>
  <div
    class="floatingButtonContainer"
  >
    <button
      class="floatingButton"
      type="button"
    >
      A Unique Button
    </button>
  </div>
</DocumentFragment>
`;
