// Jest Snapshot v1, https://goo.gl/fbAQLP

exports[`should render 1`] = `
<DocumentFragment>
  <div
    class="baseModalWrapper"
  >
    <div
      class="baseModalContainer"
    >
      Some modal
    </div>
  </div>
</DocumentFragment>
`;
